lab_a_router_02:
  connection_options: {}
  data:
    interfaces:
      loopback1:
        ip: 1.2.3.4/32
  groups:
  - eric_eccli
  hostname: lab_a_router_02
  password: null
  platform: null
  port: null
  username: null
lab_a_router_01:
  connection_options: {}
  data:
    interfaces:
      loopback1:
        ip: 4.3.2.1/32
  groups:
    - iosxr
  hostname: lab_a_router_01
  password: null
  platform: null
  port: null
  username: null