connection_options: {}
data: {}
hostname: null
password: null
platform: null
port: null
username: null
