bar.example.com:
  connection_options: {}
  data: {}
  groups:
    - webservers
  hostname: bar.example.com
  password: null
  platform: null
  port: null
  username: null
foo.example.com:
  connection_options: {}
  data: {}
  groups:
    - frontend
    - webservers
  hostname: foo.example.com
  password: null
  platform: null
  port: null
  username: null
one.example.com:
  connection_options: {}
  data:
    my_var: from_one.example.com
  groups:
    - dbservers
  hostname: one.example.com
  password: null
  platform: null
  port: null
  username: null
three.example.com:
  connection_options: {}
  data: {}
  groups:
    - dbservers
  hostname: 192.0.2.50
  password: null
  platform: null
  port: 5555
  username: null
two.example.com:
  connection_options: {}
  data:
    my_var: from_hostfile
    whatever: asdasd
  groups:
    - dbservers
  hostname: null
  password: null
  platform: null
  port: null
  username: null
172.16.1.1:
  connection_options: {}
  data: {}
  groups:
    - backend
  hostname: 172.16.1.1
  password: null
  platform: null
  port: null
  username: null
172.16.1.2:
  connection_options: {}
  data: {}
  groups:
    - backend
  hostname: 172.16.1.2
  password: null
  platform: null
  port: null
  username: null
