one.example.com:
  connection_options: {}
  data: {}
  groups: []
  hostname: one.example.com
  password: null
  platform: null
  port: null
  username: null
three.example.com:
  connection_options: {}
  data: {}
  groups: []
  hostname: 192.0.2.50
  password: null
  platform: null
  port: 5555
  username: null
two.example.com:
  connection_options: {}
  data:
    my_var: from_hostfile
  groups: []
  hostname: two.example.com
  password: null
  platform: null
  port: null
  username: null
